16:55:43 **** Incremental Build of configuration Debug for project Single_and_multi_pressing ****
make -j2 all 
arm-none-eabi-gcc -gdwarf-2 "../Src/main.c" -mcpu=cortex-m3 -std=gnu11 -g3 -DSTM32 -DSTM32F1 -DSTM32F103C6Tx -DDEBUG -c -I../Inc -O0 -ffunction-sections -fdata-sections -Wall -fstack-usage -MMD -MP -MF"Src/main.d" -MT"Src/main.o" --specs=nano.specs -mfloat-abi=soft -mthumb -o "Src/main.o"
arm-none-eabi-gcc -gdwarf-2 -o "Single_and_multi_pressing.elf" @"objects.list"   -mcpu=cortex-m3 -T"D:\1st_step\Learn_in_depth\projects\Embedded_system_Online_Diploma\Unit7(MCUEssential)\Assignment\New folder\Single_and_multi_pressing\STM32F103C6TX_FLASH.ld" --specs=nosys.specs -Wl,-Map="Single_and_multi_pressing.map" -Wl,--gc-sections -static --specs=nano.specs -mfloat-abi=soft -mthumb -Wl,--start-group -lc -lm -Wl,--end-group
Finished building target: Single_and_multi_pressing.elf
 
arm-none-eabi-objdump -h -S  Single_and_multi_pressing.elf  > "Single_and_multi_pressing.list"
arm-none-eabi-objcopy  -O binary  Single_and_multi_pressing.elf  "Single_and_multi_pressing.bin"
Finished building: Single_and_multi_pressing.bin
Finished building: Single_and_multi_pressing.list
 
 
arm-none-eabi-size   Single_and_multi_pressing.elf 
   text	   data	    bss	    dec	    hex	filename
    864	      8	   1568	   2440	    988	Single_and_multi_pressing.elf
Finished building: default.size.stdout
 

16:55:44 Build Finished. 0 errors, 0 warnings. (took 1s.688ms)

