
Allocating common symbols
Common symbol       size              file

pressure_val        0x4               Pressure_detect.o
PSensor_state       0x4               P_sensor.o
Pdetect_state       0x4               Pressure_detect.o
MONITOR_alarm_id    0x1               Alarm_monitor.o
Alarm_id            0x1               Alarm_actuator.o
Pressure_detect_id  0x1               main.o
pressure            0x4               P_sensor.o
PSensor_id          0x1               main.o
Alarm_state         0x4               Alarm_actuator.o
MONITOR_alarm_state
                    0x4               Alarm_monitor.o

Memory Configuration

Name             Origin             Length             Attributes
FLASH            0x08000000         0x00020000         xr
SRAM             0x20000000         0x00005000         xrw
*default*        0x00000000         0xffffffff

Linker script and memory map


.text           0x08000000      0x540
 *(.vectors*)
 .vectors       0x08000000       0x1c startup.o
                0x08000000                vectors
 *(.text*)
 .text          0x0800001c       0xc0 Alarm_actuator.o
                0x0800001c                stop_alarm
                0x08000038                start_alarm
                0x08000054                Alarm_init
                0x08000064                ST_Alarm_Waiting
                0x0800007c                ST_Alarm_Start
                0x080000ac                ST_Alarm_Stop
 .text          0x080000dc       0xd8 Alarm_monitor.o
                0x080000dc                set_alarm
                0x0800010c                ST_Check
                0x08000124                ST_Alarm_Monitor_Waiting
                0x0800015c                ST_Alarm_ON
                0x08000188                ST_Alarm_OFF
 .text          0x080001b4      0x10c driver.o
                0x080001b4                Delay
                0x080001d8                getPressureVal
                0x080001f0                Set_Alarm_actuator
                0x08000240                GPIO_INITIALIZATION
 .text          0x080002c0       0xa0 main.o
                0x080002c0                setup
                0x0800031c                main
 .text          0x08000360       0x84 P_sensor.o
                0x08000360                PSensor_init
                0x0800036c                ST_PSensor_Waiting
                0x0800039c                ST_Reading
 .text          0x080003e4       0x98 Pressure_detect.o
                0x080003e4                send_pressure
                0x08000414                ST_Busy
                0x0800042c                ST_High_P_detect
 .text          0x0800047c       0xc4 startup.o
                0x0800047c                Reset_Handler
                0x08000534                BUS_Fault
                0x08000534                MM_fault_Handler
                0x08000534                Default_Handler
                0x08000534                H_fault_Handler
                0x08000534                Usage_Fault_Handler
                0x08000534                NMI_Handler
 *(.rodata*)
                0x08000540                _E_text = .

.glue_7         0x08000540        0x0
 .glue_7        0x00000000        0x0 linker stubs

.glue_7t        0x08000540        0x0
 .glue_7t       0x00000000        0x0 linker stubs

.vfp11_veneer   0x08000540        0x0
 .vfp11_veneer  0x00000000        0x0 linker stubs

.v4_bx          0x08000540        0x0
 .v4_bx         0x00000000        0x0 linker stubs

.iplt           0x08000540        0x0
 .iplt          0x00000000        0x0 Alarm_actuator.o

.rel.dyn        0x08000540        0x0
 .rel.iplt      0x00000000        0x0 Alarm_actuator.o

.data           0x20000000        0x8 load address 0x08000540
                0x20000000                _S_data = .
 *(.data*)
 .data          0x20000000        0x0 Alarm_actuator.o
 .data          0x20000000        0x0 Alarm_monitor.o
 .data          0x20000000        0x0 driver.o
 .data          0x20000000        0x0 main.o
 .data          0x20000000        0x0 P_sensor.o
 .data          0x20000000        0x8 Pressure_detect.o
                0x20000000                threshold
                0x20000004                alarm_period
 .data          0x20000008        0x0 startup.o
                0x20000008                _E_data = .

.igot.plt       0x20000008        0x0 load address 0x08000548
 .igot.plt      0x00000000        0x0 Alarm_actuator.o

.bss            0x20000008       0x28 load address 0x08000548
                0x20000008                _S_bss = .
 *(.bss*)
 .bss           0x20000008        0x0 Alarm_actuator.o
 .bss           0x20000008        0x4 Alarm_monitor.o
                0x20000008                period_alarm
 .bss           0x2000000c        0x0 driver.o
 .bss           0x2000000c        0x0 main.o
 .bss           0x2000000c        0x0 P_sensor.o
 .bss           0x2000000c        0x0 Pressure_detect.o
 .bss           0x2000000c        0x0 startup.o
                0x2000000c                . = ALIGN (0x4)
                0x2000000c                _E_bss = .
 COMMON         0x2000000c        0x8 Alarm_actuator.o
                0x2000000c                Alarm_id
                0x20000010                Alarm_state
 COMMON         0x20000014        0x8 Alarm_monitor.o
                0x20000014                MONITOR_alarm_id
                0x20000018                MONITOR_alarm_state
 COMMON         0x2000001c        0x2 main.o
                0x2000001c                Pressure_detect_id
                0x2000001d                PSensor_id
 *fill*         0x2000001e        0x2 
 COMMON         0x20000020        0x8 P_sensor.o
                0x20000020                PSensor_state
                0x20000024                pressure
 COMMON         0x20000028        0x8 Pressure_detect.o
                0x20000028                pressure_val
                0x2000002c                Pdetect_state
                0x20001030                . = (. + 0x1000)
                0x20001030                _stack_top = .
LOAD Alarm_actuator.o
LOAD Alarm_monitor.o
LOAD driver.o
LOAD main.o
LOAD P_sensor.o
LOAD Pressure_detect.o
LOAD startup.o
OUTPUT(pressure_detect.elf elf32-littlearm)

.debug_info     0x00000000      0x8fa
 .debug_info    0x00000000      0x144 Alarm_actuator.o
 .debug_info    0x00000144      0x15b Alarm_monitor.o
 .debug_info    0x0000029f      0x103 driver.o
 .debug_info    0x000003a2      0x197 main.o
 .debug_info    0x00000539      0x111 P_sensor.o
 .debug_info    0x0000064a      0x149 Pressure_detect.o
 .debug_info    0x00000793      0x167 startup.o

.debug_abbrev   0x00000000      0x49c
 .debug_abbrev  0x00000000       0x92 Alarm_actuator.o
 .debug_abbrev  0x00000092       0xbb Alarm_monitor.o
 .debug_abbrev  0x0000014d       0x9d driver.o
 .debug_abbrev  0x000001ea       0xa5 main.o
 .debug_abbrev  0x0000028f       0x92 P_sensor.o
 .debug_abbrev  0x00000321       0xbb Pressure_detect.o
 .debug_abbrev  0x000003dc       0xc0 startup.o

.debug_loc      0x00000000      0x488
 .debug_loc     0x00000000      0x108 Alarm_actuator.o
 .debug_loc     0x00000108       0xe8 Alarm_monitor.o
 .debug_loc     0x000001f0       0xc8 driver.o
 .debug_loc     0x000002b8       0x58 main.o
 .debug_loc     0x00000310       0x84 P_sensor.o
 .debug_loc     0x00000394       0x90 Pressure_detect.o
 .debug_loc     0x00000424       0x64 startup.o

.debug_aranges  0x00000000       0xe0
 .debug_aranges
                0x00000000       0x20 Alarm_actuator.o
 .debug_aranges
                0x00000020       0x20 Alarm_monitor.o
 .debug_aranges
                0x00000040       0x20 driver.o
 .debug_aranges
                0x00000060       0x20 main.o
 .debug_aranges
                0x00000080       0x20 P_sensor.o
 .debug_aranges
                0x000000a0       0x20 Pressure_detect.o
 .debug_aranges
                0x000000c0       0x20 startup.o

.debug_line     0x00000000      0x36a
 .debug_line    0x00000000       0x67 Alarm_actuator.o
 .debug_line    0x00000067       0x65 Alarm_monitor.o
 .debug_line    0x000000cc       0x99 driver.o
 .debug_line    0x00000165       0xa6 main.o
 .debug_line    0x0000020b       0x52 P_sensor.o
 .debug_line    0x0000025d       0x60 Pressure_detect.o
 .debug_line    0x000002bd       0xad startup.o

.debug_str      0x00000000      0x36d
 .debug_str     0x00000000      0x132 Alarm_actuator.o
                                0x190 (size before relaxing)
 .debug_str     0x00000132       0x87 Alarm_monitor.o
                                0x1b2 (size before relaxing)
 .debug_str     0x000001b9       0x55 driver.o
                                0x14a (size before relaxing)
 .debug_str     0x0000020e       0x4c main.o
                                0x1fa (size before relaxing)
 .debug_str     0x0000025a       0x36 P_sensor.o
                                0x165 (size before relaxing)
 .debug_str     0x00000290       0x5d Pressure_detect.o
                                0x18f (size before relaxing)
 .debug_str     0x000002ed       0x80 startup.o
                                0x179 (size before relaxing)

.comment        0x00000000       0x11
 .comment       0x00000000       0x11 Alarm_actuator.o
                                 0x12 (size before relaxing)
 .comment       0x00000000       0x12 Alarm_monitor.o
 .comment       0x00000000       0x12 driver.o
 .comment       0x00000000       0x12 main.o
 .comment       0x00000000       0x12 P_sensor.o
 .comment       0x00000000       0x12 Pressure_detect.o
 .comment       0x00000000       0x12 startup.o

.ARM.attributes
                0x00000000       0x33
 .ARM.attributes
                0x00000000       0x33 Alarm_actuator.o
 .ARM.attributes
                0x00000033       0x33 Alarm_monitor.o
 .ARM.attributes
                0x00000066       0x33 driver.o
 .ARM.attributes
                0x00000099       0x33 main.o
 .ARM.attributes
                0x000000cc       0x33 P_sensor.o
 .ARM.attributes
                0x000000ff       0x33 Pressure_detect.o
 .ARM.attributes
                0x00000132       0x33 startup.o

.debug_frame    0x00000000      0x310
 .debug_frame   0x00000000       0xac Alarm_actuator.o
 .debug_frame   0x000000ac       0x98 Alarm_monitor.o
 .debug_frame   0x00000144       0x78 driver.o
 .debug_frame   0x000001bc       0x48 main.o
 .debug_frame   0x00000204       0x60 P_sensor.o
 .debug_frame   0x00000264       0x60 Pressure_detect.o
 .debug_frame   0x000002c4       0x4c startup.o
