
Memory Configuration

Name             Origin             Length             Attributes
flash            0x08000000         0x00020000         xr
sram             0x20000000         0x00005000         xrw
*default*        0x00000000         0xffffffff

Linker script and memory map


.text           0x08000000      0x190
 *(.vectors*)
 .vectors       0x08000000       0x18 startup.o
                0x08000000                vectors
 *(.text*)
 .text          0x08000018       0xb8 main.o
                0x08000018                main
 .text          0x080000d0       0xbc startup.o
                0x080000d0                Reset_Handler
                0x08000180                NMI_Handler
                0x08000180                Default_Handler
                0x08000180                H_fault_Handler
                0x08000180                Usage_Fault_Handler
                0x08000180                NM_fault_Handler
                0x08000180                BUs_Fault
 *(.rodata)
 .rodata        0x0800018c        0x4 main.o
                0x0800018c                const_variable
                0x08000190                _E_text = .

.glue_7         0x08000190        0x0
 .glue_7        0x00000000        0x0 linker stubs

.glue_7t        0x08000190        0x0
 .glue_7t       0x00000000        0x0 linker stubs

.vfp11_veneer   0x08000190        0x0
 .vfp11_veneer  0x00000000        0x0 linker stubs

.v4_bx          0x08000190        0x0
 .v4_bx         0x00000000        0x0 linker stubs

.iplt           0x08000190        0x0
 .iplt          0x00000000        0x0 main.o

.rel.dyn        0x08000190        0x0
 .rel.iplt      0x00000000        0x0 main.o

.data           0x20000000       0x10 load address 0x08000190
                0x20000000                _S_Data = .
 *(.data)
 .data          0x20000000       0x10 main.o
                0x20000000                APB2ENR
                0x20000004                CRH
                0x20000008                R_ODR
                0x2000000c                g_variable
 .data          0x20000010        0x0 startup.o
                0x20000010                _E_Data = .

.igot.plt       0x20000010        0x0 load address 0x080001a0
 .igot.plt      0x00000000        0x0 main.o

.bss            0x20000010        0x0 load address 0x080001a0
                0x20000010                _S_bss = .
 *(.bss)
 .bss           0x20000010        0x0 main.o
 .bss           0x20000010        0x0 startup.o
                0x20000010                . = ALIGN (0x4)
                0x20000010                _E_bss = .
                0x20001010                . = (. + 0x1000)
                0x20001010                _stack_top = .
LOAD main.o
LOAD startup.o
OUTPUT(learn_in_depth_cortex_m3.elf elf32-littlearm)

.debug_info     0x00000000      0x3d8
 .debug_info    0x00000000      0x271 main.o
 .debug_info    0x00000271      0x167 startup.o

.debug_abbrev   0x00000000      0x1be
 .debug_abbrev  0x00000000       0xfe main.o
 .debug_abbrev  0x000000fe       0xc0 startup.o

.debug_loc      0x00000000       0x9c
 .debug_loc     0x00000000       0x38 main.o
 .debug_loc     0x00000038       0x64 startup.o

.debug_aranges  0x00000000       0x40
 .debug_aranges
                0x00000000       0x20 main.o
 .debug_aranges
                0x00000020       0x20 startup.o

.debug_line     0x00000000      0x150
 .debug_line    0x00000000       0xa4 main.o
 .debug_line    0x000000a4       0xac startup.o

.debug_str      0x00000000      0x1cc
 .debug_str     0x00000000      0x14b main.o
                                0x18d (size before relaxing)
 .debug_str     0x0000014b       0x81 startup.o
                                0x182 (size before relaxing)

.comment        0x00000000       0x11
 .comment       0x00000000       0x11 main.o
                                 0x12 (size before relaxing)
 .comment       0x00000000       0x12 startup.o

.ARM.attributes
                0x00000000       0x33
 .ARM.attributes
                0x00000000       0x33 main.o
 .ARM.attributes
                0x00000033       0x33 startup.o

.debug_frame    0x00000000       0x78
 .debug_frame   0x00000000       0x2c main.o
 .debug_frame   0x0000002c       0x4c startup.o
